// Jest Snapshot v1, https://goo.gl/fbAQLP

exports[`should render without error 1`] = `
<View
  accessibilityState={
    {
      "busy": undefined,
      "checked": undefined,
      "disabled": undefined,
      "expanded": undefined,
      "selected": undefined,
    }
  }
  accessibilityValue={
    {
      "max": undefined,
      "min": undefined,
      "now": undefined,
      "text": undefined,
    }
  }
  accessible={true}
  collapsable={false}
  focusable={true}
  onClick={[Function]}
  onResponderGrant={[Function]}
  onResponderMove={[Function]}
  onResponderRelease={[Function]}
  onResponderTerminate={[Function]}
  onResponderTerminationRequest={[Function]}
  onStartShouldSetResponder={[Function]}
  style={
    {
      "alignItems": "center",
      "backgroundColor": "#0096FF",
      "borderRadius": 40,
      "height": 80,
      "justifyContent": "center",
      "opacity": 1,
      "width": 80,
    }
  }
>
  <Text
    style={
      {
        "color": "#FFFFFF",
        "fontSize": 24,
      }
    }
  >
    Add
  </Text>
</View>
`;
